Archive member included to satisfy reference by file (symbol)

.pio\build\attiny85\libFrameworkArduino.a(main.cpp.o)
                              c:/users/mail/.platformio/packages/toolchain-atmelavr/bin/../lib/gcc/avr/7.3.0/../../../../avr/lib/avr25/crtattiny85.o (main)
.pio\build\attiny85\libFrameworkArduino.a(wiring.c.o)
                              .pio\build\attiny85\src\hardware\TinyConsoleGameApi.cpp.o (symbol from plugin) (millis)
.pio\build\attiny85\libFrameworkArduino.a(wiring_analog.c.o)
                              .pio\build\attiny85\src\hardware\TinyConsoleGameApi.cpp.o (symbol from plugin) (analogRead)
.pio\build\attiny85\libFrameworkArduino.a(wiring_digital.c.o)
                              wiring_analog.c.o (symbol from plugin) (pinMode)
c:/users/mail/.platformio/packages/toolchain-atmelavr/bin/../lib/gcc/avr/7.3.0/avr25\libgcc.a(_exit.o)
                              c:/users/mail/.platformio/packages/toolchain-atmelavr/bin/../lib/gcc/avr/7.3.0/../../../../avr/lib/avr25/crtattiny85.o (exit)
c:/users/mail/.platformio/packages/toolchain-atmelavr/bin/../lib/gcc/avr/7.3.0/avr25\libgcc.a(_mulhi3.o)
                              C:\Users\mail\AppData\Local\Temp\ccbMYHLj.ltrans0.ltrans.o (__mulhi3)
c:/users/mail/.platformio/packages/toolchain-atmelavr/bin/../lib/gcc/avr/7.3.0/avr25\libgcc.a(_udivmodqi4.o)
                              C:\Users\mail\AppData\Local\Temp\ccbMYHLj.ltrans0.ltrans.o (__udivmodqi4)
c:/users/mail/.platformio/packages/toolchain-atmelavr/bin/../lib/gcc/avr/7.3.0/avr25\libgcc.a(_udivmodhi4.o)
                              C:\Users\mail\AppData\Local\Temp\ccbMYHLj.ltrans0.ltrans.o (__udivmodhi4)
c:/users/mail/.platformio/packages/toolchain-atmelavr/bin/../lib/gcc/avr/7.3.0/avr25\libgcc.a(_copy_data.o)
                              C:\Users\mail\AppData\Local\Temp\ccbMYHLj.ltrans0.ltrans.o (__do_copy_data)
c:/users/mail/.platformio/packages/toolchain-atmelavr/bin/../lib/gcc/avr/7.3.0/avr25\libgcc.a(_clear_bss.o)
                              C:\Users\mail\AppData\Local\Temp\ccbMYHLj.ltrans0.ltrans.o (__do_clear_bss)
c:/users/mail/.platformio/packages/toolchain-atmelavr/bin/../lib/gcc/avr/7.3.0/avr25\libgcc.a(_ctors.o)
                              C:\Users\mail\AppData\Local\Temp\ccbMYHLj.ltrans0.ltrans.o (__do_global_ctors)
c:/users/mail/.platformio/packages/toolchain-atmelavr/bin/../lib/gcc/avr/7.3.0/avr25\libgcc.a(_tablejump2.o)
                              c:/users/mail/.platformio/packages/toolchain-atmelavr/bin/../lib/gcc/avr/7.3.0/avr25\libgcc.a(_ctors.o) (__tablejump2__)

Discarded input sections

 .data          0x00000000        0x0 c:/users/mail/.platformio/packages/toolchain-atmelavr/bin/../lib/gcc/avr/7.3.0/../../../../avr/lib/avr25/crtattiny85.o
 .bss           0x00000000        0x0 c:/users/mail/.platformio/packages/toolchain-atmelavr/bin/../lib/gcc/avr/7.3.0/../../../../avr/lib/avr25/crtattiny85.o
 .text          0x00000000        0x0 .pio\build\attiny85\src\TinyRandom.cpp.o (symbol from plugin)
 .text          0x00000000        0x0 .pio\build\attiny85\src\apps\BreakoutApp.cpp.o (symbol from plugin)
 .gnu.linkonce.t._ZN18TinyConsoleGameApi7packXYBEhhb
                0x00000000        0x0 .pio\build\attiny85\src\apps\BreakoutApp.cpp.o (symbol from plugin)
 .text          0x00000000        0x0 .pio\build\attiny85\src\apps\Game.cpp.o (symbol from plugin)
 .text          0x00000000        0x0 .pio\build\attiny85\src\apps\GameFactory.cpp.o (symbol from plugin)
 .text          0x00000000        0x0 .pio\build\attiny85\src\apps\GameIcons.cpp.o (symbol from plugin)
 .text          0x00000000        0x0 .pio\build\attiny85\src\apps\RacerApp.cpp.o (symbol from plugin)
 .text          0x00000000        0x0 .pio\build\attiny85\src\apps\ShiftApp.cpp.o (symbol from plugin)
 .text          0x00000000        0x0 .pio\build\attiny85\src\apps\SkyHopApp.cpp.o (symbol from plugin)
 .text          0x00000000        0x0 .pio\build\attiny85\src\apps\SrbApp.cpp.o (symbol from plugin)
 .text          0x00000000        0x0 .pio\build\attiny85\src\hardware\TinyConsole.cpp.o (symbol from plugin)
 .text          0x00000000        0x0 .pio\build\attiny85\src\hardware\TinyConsoleGameApi.cpp.o (symbol from plugin)
 .text          0x00000000        0x0 .pio\build\attiny85\src\main.cpp.o (symbol from plugin)
 .text          0x00000000        0x0 .pio\build\attiny85\src\text\SmallNumberText.cpp.o (symbol from plugin)
 .text          0x00000000        0x0 main.cpp.o (symbol from plugin)
 .text          0x00000000        0x0 wiring.c.o (symbol from plugin)
 .text          0x00000000        0x0 wiring_analog.c.o (symbol from plugin)
 .text          0x00000000        0x0 wiring_digital.c.o (symbol from plugin)
 .text          0x00000000        0x0 c:/users/mail/.platformio/packages/toolchain-atmelavr/bin/../lib/gcc/avr/7.3.0/avr25\libgcc.a(_exit.o)
 .data          0x00000000        0x0 c:/users/mail/.platformio/packages/toolchain-atmelavr/bin/../lib/gcc/avr/7.3.0/avr25\libgcc.a(_exit.o)
 .bss           0x00000000        0x0 c:/users/mail/.platformio/packages/toolchain-atmelavr/bin/../lib/gcc/avr/7.3.0/avr25\libgcc.a(_exit.o)
 .text.libgcc.mul
                0x00000000        0x0 c:/users/mail/.platformio/packages/toolchain-atmelavr/bin/../lib/gcc/avr/7.3.0/avr25\libgcc.a(_exit.o)
 .text.libgcc.div
                0x00000000        0x0 c:/users/mail/.platformio/packages/toolchain-atmelavr/bin/../lib/gcc/avr/7.3.0/avr25\libgcc.a(_exit.o)
 .text.libgcc   0x00000000        0x0 c:/users/mail/.platformio/packages/toolchain-atmelavr/bin/../lib/gcc/avr/7.3.0/avr25\libgcc.a(_exit.o)
 .text.libgcc.prologue
                0x00000000        0x0 c:/users/mail/.platformio/packages/toolchain-atmelavr/bin/../lib/gcc/avr/7.3.0/avr25\libgcc.a(_exit.o)
 .text.libgcc.builtins
                0x00000000        0x0 c:/users/mail/.platformio/packages/toolchain-atmelavr/bin/../lib/gcc/avr/7.3.0/avr25\libgcc.a(_exit.o)
 .text.libgcc.fmul
                0x00000000        0x0 c:/users/mail/.platformio/packages/toolchain-atmelavr/bin/../lib/gcc/avr/7.3.0/avr25\libgcc.a(_exit.o)
 .text.libgcc.fixed
                0x00000000        0x0 c:/users/mail/.platformio/packages/toolchain-atmelavr/bin/../lib/gcc/avr/7.3.0/avr25\libgcc.a(_exit.o)
 .text          0x00000000        0x0 c:/users/mail/.platformio/packages/toolchain-atmelavr/bin/../lib/gcc/avr/7.3.0/avr25\libgcc.a(_mulhi3.o)
 .data          0x00000000        0x0 c:/users/mail/.platformio/packages/toolchain-atmelavr/bin/../lib/gcc/avr/7.3.0/avr25\libgcc.a(_mulhi3.o)
 .bss           0x00000000        0x0 c:/users/mail/.platformio/packages/toolchain-atmelavr/bin/../lib/gcc/avr/7.3.0/avr25\libgcc.a(_mulhi3.o)
 .text.libgcc.div
                0x00000000        0x0 c:/users/mail/.platformio/packages/toolchain-atmelavr/bin/../lib/gcc/avr/7.3.0/avr25\libgcc.a(_mulhi3.o)
 .text.libgcc   0x00000000        0x0 c:/users/mail/.platformio/packages/toolchain-atmelavr/bin/../lib/gcc/avr/7.3.0/avr25\libgcc.a(_mulhi3.o)
 .text.libgcc.prologue
                0x00000000        0x0 c:/users/mail/.platformio/packages/toolchain-atmelavr/bin/../lib/gcc/avr/7.3.0/avr25\libgcc.a(_mulhi3.o)
 .text.libgcc.builtins
                0x00000000        0x0 c:/users/mail/.platformio/packages/toolchain-atmelavr/bin/../lib/gcc/avr/7.3.0/avr25\libgcc.a(_mulhi3.o)
 .text.libgcc.fmul
                0x00000000        0x0 c:/users/mail/.platformio/packages/toolchain-atmelavr/bin/../lib/gcc/avr/7.3.0/avr25\libgcc.a(_mulhi3.o)
 .text.libgcc.fixed
                0x00000000        0x0 c:/users/mail/.platformio/packages/toolchain-atmelavr/bin/../lib/gcc/avr/7.3.0/avr25\libgcc.a(_mulhi3.o)
 .text          0x00000000        0x0 c:/users/mail/.platformio/packages/toolchain-atmelavr/bin/../lib/gcc/avr/7.3.0/avr25\libgcc.a(_udivmodqi4.o)
 .data          0x00000000        0x0 c:/users/mail/.platformio/packages/toolchain-atmelavr/bin/../lib/gcc/avr/7.3.0/avr25\libgcc.a(_udivmodqi4.o)
 .bss           0x00000000        0x0 c:/users/mail/.platformio/packages/toolchain-atmelavr/bin/../lib/gcc/avr/7.3.0/avr25\libgcc.a(_udivmodqi4.o)
 .text.libgcc.mul
                0x00000000        0x0 c:/users/mail/.platformio/packages/toolchain-atmelavr/bin/../lib/gcc/avr/7.3.0/avr25\libgcc.a(_udivmodqi4.o)
 .text.libgcc   0x00000000        0x0 c:/users/mail/.platformio/packages/toolchain-atmelavr/bin/../lib/gcc/avr/7.3.0/avr25\libgcc.a(_udivmodqi4.o)
 .text.libgcc.prologue
                0x00000000        0x0 c:/users/mail/.platformio/packages/toolchain-atmelavr/bin/../lib/gcc/avr/7.3.0/avr25\libgcc.a(_udivmodqi4.o)
 .text.libgcc.builtins
                0x00000000        0x0 c:/users/mail/.platformio/packages/toolchain-atmelavr/bin/../lib/gcc/avr/7.3.0/avr25\libgcc.a(_udivmodqi4.o)
 .text.libgcc.fmul
                0x00000000        0x0 c:/users/mail/.platformio/packages/toolchain-atmelavr/bin/../lib/gcc/avr/7.3.0/avr25\libgcc.a(_udivmodqi4.o)
 .text.libgcc.fixed
                0x00000000        0x0 c:/users/mail/.platformio/packages/toolchain-atmelavr/bin/../lib/gcc/avr/7.3.0/avr25\libgcc.a(_udivmodqi4.o)
 .text          0x00000000        0x0 c:/users/mail/.platformio/packages/toolchain-atmelavr/bin/../lib/gcc/avr/7.3.0/avr25\libgcc.a(_udivmodhi4.o)
 .data          0x00000000        0x0 c:/users/mail/.platformio/packages/toolchain-atmelavr/bin/../lib/gcc/avr/7.3.0/avr25\libgcc.a(_udivmodhi4.o)
 .bss           0x00000000        0x0 c:/users/mail/.platformio/packages/toolchain-atmelavr/bin/../lib/gcc/avr/7.3.0/avr25\libgcc.a(_udivmodhi4.o)
 .text.libgcc.mul
                0x00000000        0x0 c:/users/mail/.platformio/packages/toolchain-atmelavr/bin/../lib/gcc/avr/7.3.0/avr25\libgcc.a(_udivmodhi4.o)
 .text.libgcc   0x00000000        0x0 c:/users/mail/.platformio/packages/toolchain-atmelavr/bin/../lib/gcc/avr/7.3.0/avr25\libgcc.a(_udivmodhi4.o)
 .text.libgcc.prologue
                0x00000000        0x0 c:/users/mail/.platformio/packages/toolchain-atmelavr/bin/../lib/gcc/avr/7.3.0/avr25\libgcc.a(_udivmodhi4.o)
 .text.libgcc.builtins
                0x00000000        0x0 c:/users/mail/.platformio/packages/toolchain-atmelavr/bin/../lib/gcc/avr/7.3.0/avr25\libgcc.a(_udivmodhi4.o)
 .text.libgcc.fmul
                0x00000000        0x0 c:/users/mail/.platformio/packages/toolchain-atmelavr/bin/../lib/gcc/avr/7.3.0/avr25\libgcc.a(_udivmodhi4.o)
 .text.libgcc.fixed
                0x00000000        0x0 c:/users/mail/.platformio/packages/toolchain-atmelavr/bin/../lib/gcc/avr/7.3.0/avr25\libgcc.a(_udivmodhi4.o)
 .text          0x00000000        0x0 c:/users/mail/.platformio/packages/toolchain-atmelavr/bin/../lib/gcc/avr/7.3.0/avr25\libgcc.a(_copy_data.o)
 .data          0x00000000        0x0 c:/users/mail/.platformio/packages/toolchain-atmelavr/bin/../lib/gcc/avr/7.3.0/avr25\libgcc.a(_copy_data.o)
 .bss           0x00000000        0x0 c:/users/mail/.platformio/packages/toolchain-atmelavr/bin/../lib/gcc/avr/7.3.0/avr25\libgcc.a(_copy_data.o)
 .text.libgcc.mul
                0x00000000        0x0 c:/users/mail/.platformio/packages/toolchain-atmelavr/bin/../lib/gcc/avr/7.3.0/avr25\libgcc.a(_copy_data.o)
 .text.libgcc.div
                0x00000000        0x0 c:/users/mail/.platformio/packages/toolchain-atmelavr/bin/../lib/gcc/avr/7.3.0/avr25\libgcc.a(_copy_data.o)
 .text.libgcc   0x00000000        0x0 c:/users/mail/.platformio/packages/toolchain-atmelavr/bin/../lib/gcc/avr/7.3.0/avr25\libgcc.a(_copy_data.o)
 .text.libgcc.prologue
                0x00000000        0x0 c:/users/mail/.platformio/packages/toolchain-atmelavr/bin/../lib/gcc/avr/7.3.0/avr25\libgcc.a(_copy_data.o)
 .text.libgcc.builtins
                0x00000000        0x0 c:/users/mail/.platformio/packages/toolchain-atmelavr/bin/../lib/gcc/avr/7.3.0/avr25\libgcc.a(_copy_data.o)
 .text.libgcc.fmul
                0x00000000        0x0 c:/users/mail/.platformio/packages/toolchain-atmelavr/bin/../lib/gcc/avr/7.3.0/avr25\libgcc.a(_copy_data.o)
 .text.libgcc.fixed
                0x00000000        0x0 c:/users/mail/.platformio/packages/toolchain-atmelavr/bin/../lib/gcc/avr/7.3.0/avr25\libgcc.a(_copy_data.o)
 .text          0x00000000        0x0 c:/users/mail/.platformio/packages/toolchain-atmelavr/bin/../lib/gcc/avr/7.3.0/avr25\libgcc.a(_clear_bss.o)
 .data          0x00000000        0x0 c:/users/mail/.platformio/packages/toolchain-atmelavr/bin/../lib/gcc/avr/7.3.0/avr25\libgcc.a(_clear_bss.o)
 .bss           0x00000000        0x0 c:/users/mail/.platformio/packages/toolchain-atmelavr/bin/../lib/gcc/avr/7.3.0/avr25\libgcc.a(_clear_bss.o)
 .text.libgcc.mul
                0x00000000        0x0 c:/users/mail/.platformio/packages/toolchain-atmelavr/bin/../lib/gcc/avr/7.3.0/avr25\libgcc.a(_clear_bss.o)
 .text.libgcc.div
                0x00000000        0x0 c:/users/mail/.platformio/packages/toolchain-atmelavr/bin/../lib/gcc/avr/7.3.0/avr25\libgcc.a(_clear_bss.o)
 .text.libgcc   0x00000000        0x0 c:/users/mail/.platformio/packages/toolchain-atmelavr/bin/../lib/gcc/avr/7.3.0/avr25\libgcc.a(_clear_bss.o)
 .text.libgcc.prologue
                0x00000000        0x0 c:/users/mail/.platformio/packages/toolchain-atmelavr/bin/../lib/gcc/avr/7.3.0/avr25\libgcc.a(_clear_bss.o)
 .text.libgcc.builtins
                0x00000000        0x0 c:/users/mail/.platformio/packages/toolchain-atmelavr/bin/../lib/gcc/avr/7.3.0/avr25\libgcc.a(_clear_bss.o)
 .text.libgcc.fmul
                0x00000000        0x0 c:/users/mail/.platformio/packages/toolchain-atmelavr/bin/../lib/gcc/avr/7.3.0/avr25\libgcc.a(_clear_bss.o)
 .text.libgcc.fixed
                0x00000000        0x0 c:/users/mail/.platformio/packages/toolchain-atmelavr/bin/../lib/gcc/avr/7.3.0/avr25\libgcc.a(_clear_bss.o)
 .text          0x00000000        0x0 c:/users/mail/.platformio/packages/toolchain-atmelavr/bin/../lib/gcc/avr/7.3.0/avr25\libgcc.a(_ctors.o)
 .data          0x00000000        0x0 c:/users/mail/.platformio/packages/toolchain-atmelavr/bin/../lib/gcc/avr/7.3.0/avr25\libgcc.a(_ctors.o)
 .bss           0x00000000        0x0 c:/users/mail/.platformio/packages/toolchain-atmelavr/bin/../lib/gcc/avr/7.3.0/avr25\libgcc.a(_ctors.o)
 .text.libgcc.mul
                0x00000000        0x0 c:/users/mail/.platformio/packages/toolchain-atmelavr/bin/../lib/gcc/avr/7.3.0/avr25\libgcc.a(_ctors.o)
 .text.libgcc.div
                0x00000000        0x0 c:/users/mail/.platformio/packages/toolchain-atmelavr/bin/../lib/gcc/avr/7.3.0/avr25\libgcc.a(_ctors.o)
 .text.libgcc   0x00000000        0x0 c:/users/mail/.platformio/packages/toolchain-atmelavr/bin/../lib/gcc/avr/7.3.0/avr25\libgcc.a(_ctors.o)
 .text.libgcc.prologue
                0x00000000        0x0 c:/users/mail/.platformio/packages/toolchain-atmelavr/bin/../lib/gcc/avr/7.3.0/avr25\libgcc.a(_ctors.o)
 .text.libgcc.builtins
                0x00000000        0x0 c:/users/mail/.platformio/packages/toolchain-atmelavr/bin/../lib/gcc/avr/7.3.0/avr25\libgcc.a(_ctors.o)
 .text.libgcc.fmul
                0x00000000        0x0 c:/users/mail/.platformio/packages/toolchain-atmelavr/bin/../lib/gcc/avr/7.3.0/avr25\libgcc.a(_ctors.o)
 .text.libgcc.fixed
                0x00000000        0x0 c:/users/mail/.platformio/packages/toolchain-atmelavr/bin/../lib/gcc/avr/7.3.0/avr25\libgcc.a(_ctors.o)
 .text          0x00000000        0x0 c:/users/mail/.platformio/packages/toolchain-atmelavr/bin/../lib/gcc/avr/7.3.0/avr25\libgcc.a(_tablejump2.o)
 .data          0x00000000        0x0 c:/users/mail/.platformio/packages/toolchain-atmelavr/bin/../lib/gcc/avr/7.3.0/avr25\libgcc.a(_tablejump2.o)
 .bss           0x00000000        0x0 c:/users/mail/.platformio/packages/toolchain-atmelavr/bin/../lib/gcc/avr/7.3.0/avr25\libgcc.a(_tablejump2.o)
 .text.libgcc.mul
                0x00000000        0x0 c:/users/mail/.platformio/packages/toolchain-atmelavr/bin/../lib/gcc/avr/7.3.0/avr25\libgcc.a(_tablejump2.o)
 .text.libgcc.div
                0x00000000        0x0 c:/users/mail/.platformio/packages/toolchain-atmelavr/bin/../lib/gcc/avr/7.3.0/avr25\libgcc.a(_tablejump2.o)
 .text.libgcc.prologue
                0x00000000        0x0 c:/users/mail/.platformio/packages/toolchain-atmelavr/bin/../lib/gcc/avr/7.3.0/avr25\libgcc.a(_tablejump2.o)
 .text.libgcc.builtins
                0x00000000        0x0 c:/users/mail/.platformio/packages/toolchain-atmelavr/bin/../lib/gcc/avr/7.3.0/avr25\libgcc.a(_tablejump2.o)
 .text.libgcc.fmul
                0x00000000        0x0 c:/users/mail/.platformio/packages/toolchain-atmelavr/bin/../lib/gcc/avr/7.3.0/avr25\libgcc.a(_tablejump2.o)
 .text.libgcc.fixed
                0x00000000        0x0 c:/users/mail/.platformio/packages/toolchain-atmelavr/bin/../lib/gcc/avr/7.3.0/avr25\libgcc.a(_tablejump2.o)

Memory Configuration

Name             Origin             Length             Attributes
text             0x00000000         0x00002000         xr
data             0x00800060         0x0000ffa0         rw !x
eeprom           0x00810000         0x00010000         rw !x
fuse             0x00820000         0x00000003         rw !x
lock             0x00830000         0x00000400         rw !x
signature        0x00840000         0x00000400         rw !x
user_signatures  0x00850000         0x00000400         rw !x
*default*        0x00000000         0xffffffff

Linker script and memory map

LOAD c:/users/mail/.platformio/packages/toolchain-atmelavr/bin/../lib/gcc/avr/7.3.0/../../../../avr/lib/avr25/crtattiny85.o
LOAD .pio\build\attiny85\src\TinyRandom.cpp.o
LOAD C:\Users\mail\AppData\Local\Temp\ccbMYHLj.ltrans0.ltrans.o
LOAD .pio\build\attiny85\src\apps\BreakoutApp.cpp.o
LOAD .pio\build\attiny85\src\apps\Game.cpp.o
LOAD .pio\build\attiny85\src\apps\GameFactory.cpp.o
LOAD .pio\build\attiny85\src\apps\GameIcons.cpp.o
LOAD .pio\build\attiny85\src\apps\RacerApp.cpp.o
LOAD .pio\build\attiny85\src\apps\ShiftApp.cpp.o
LOAD .pio\build\attiny85\src\apps\SkyHopApp.cpp.o
LOAD .pio\build\attiny85\src\apps\SrbApp.cpp.o
LOAD .pio\build\attiny85\src\hardware\TinyConsole.cpp.o
LOAD .pio\build\attiny85\src\hardware\TinyConsoleGameApi.cpp.o
LOAD .pio\build\attiny85\src\main.cpp.o
LOAD .pio\build\attiny85\src\text\SmallNumberText.cpp.o
START GROUP
LOAD .pio\build\attiny85\libFrameworkArduinoVariant.a
LOAD .pio\build\attiny85\libFrameworkArduino.a
END GROUP
LOAD c:/users/mail/.platformio/packages/toolchain-atmelavr/bin/../lib/gcc/avr/7.3.0/avr25\libgcc.a
LOAD c:/users/mail/.platformio/packages/toolchain-atmelavr/bin/../lib/gcc/avr/7.3.0/../../../../avr/lib/avr25\libm.a
START GROUP
LOAD c:/users/mail/.platformio/packages/toolchain-atmelavr/bin/../lib/gcc/avr/7.3.0/avr25\libgcc.a
LOAD c:/users/mail/.platformio/packages/toolchain-atmelavr/bin/../lib/gcc/avr/7.3.0/../../../../avr/lib/avr25\libm.a
LOAD c:/users/mail/.platformio/packages/toolchain-atmelavr/bin/../lib/gcc/avr/7.3.0/../../../../avr/lib/avr25\libc.a
LOAD c:/users/mail/.platformio/packages/toolchain-atmelavr/bin/../lib/gcc/avr/7.3.0/../../../../avr/lib/avr25\libattiny85.a
END GROUP
                0x00002000                __TEXT_REGION_LENGTH__ = DEFINED (__TEXT_REGION_LENGTH__)?__TEXT_REGION_LENGTH__:0x2000
                0x0000ffa0                __DATA_REGION_LENGTH__ = DEFINED (__DATA_REGION_LENGTH__)?__DATA_REGION_LENGTH__:0xffa0
                0x00010000                __EEPROM_REGION_LENGTH__ = DEFINED (__EEPROM_REGION_LENGTH__)?__EEPROM_REGION_LENGTH__:0x10000
                [0x00000003]                __FUSE_REGION_LENGTH__ = DEFINED (__FUSE_REGION_LENGTH__)?__FUSE_REGION_LENGTH__:0x400
                0x00000400                __LOCK_REGION_LENGTH__ = DEFINED (__LOCK_REGION_LENGTH__)?__LOCK_REGION_LENGTH__:0x400
                0x00000400                __SIGNATURE_REGION_LENGTH__ = DEFINED (__SIGNATURE_REGION_LENGTH__)?__SIGNATURE_REGION_LENGTH__:0x400
                0x00000400                __USER_SIGNATURE_REGION_LENGTH__ = DEFINED (__USER_SIGNATURE_REGION_LENGTH__)?__USER_SIGNATURE_REGION_LENGTH__:0x400

.hash
 *(.hash)

.dynsym
 *(.dynsym)

.dynstr
 *(.dynstr)

.gnu.version
 *(.gnu.version)

.gnu.version_d
 *(.gnu.version_d)

.gnu.version_r
 *(.gnu.version_r)

.rel.init
 *(.rel.init)

.rela.init
 *(.rela.init)

.rel.text
 *(.rel.text)
 *(.rel.text.*)
 *(.rel.gnu.linkonce.t*)

.rela.text
 *(.rela.text)
 *(.rela.text.*)
 *(.rela.gnu.linkonce.t*)

.rel.fini
 *(.rel.fini)

.rela.fini
 *(.rela.fini)

.rel.rodata
 *(.rel.rodata)
 *(.rel.rodata.*)
 *(.rel.gnu.linkonce.r*)

.rela.rodata
 *(.rela.rodata)
 *(.rela.rodata.*)
 *(.rela.gnu.linkonce.r*)

.rel.data
 *(.rel.data)
 *(.rel.data.*)
 *(.rel.gnu.linkonce.d*)

.rela.data
 *(.rela.data)
 *(.rela.data.*)
 *(.rela.gnu.linkonce.d*)

.rel.ctors
 *(.rel.ctors)

.rela.ctors
 *(.rela.ctors)

.rel.dtors
 *(.rel.dtors)

.rela.dtors
 *(.rela.dtors)

.rel.got
 *(.rel.got)

.rela.got
 *(.rela.got)

.rel.bss
 *(.rel.bss)

.rela.bss
 *(.rela.bss)

.rel.plt
 *(.rel.plt)

.rela.plt
 *(.rela.plt)

.text           0x00000000     0x1ca8
 *(.vectors)
 .vectors       0x00000000       0x1e c:/users/mail/.platformio/packages/toolchain-atmelavr/bin/../lib/gcc/avr/7.3.0/../../../../avr/lib/avr25/crtattiny85.o
                0x00000000                __vector_default
                0x00000000                __vectors
 *(.vectors)
 *(.progmem.gcc*)
                0x0000001e                . = ALIGN (0x2)
                0x0000001e                __trampolines_start = .
 *(.trampolines)
 .trampolines   0x0000001e        0x0 linker stubs
 *(.trampolines*)
                0x0000001e                __trampolines_end = .
 *libprintf_flt.a:*(.progmem.data)
 *libc.a:*(.progmem.data)
 *(.progmem*)
 .progmem.data  0x0000001e       0xaa C:\Users\mail\AppData\Local\Temp\ccbMYHLj.ltrans0.ltrans.o
                0x000000c8                . = ALIGN (0x2)
 *(.jumptables)
 *(.jumptables*)
 *(.lowtext)
 *(.lowtext*)
                0x000000c8                __ctors_start = .
 *(.ctors)
 .ctors         0x000000c8        0x2 C:\Users\mail\AppData\Local\Temp\ccbMYHLj.ltrans0.ltrans.o
                0x000000ca                __ctors_end = .
                0x000000ca                __dtors_start = .
 *(.dtors)
                0x000000ca                __dtors_end = .
 SORT(*)(.ctors)
 SORT(*)(.dtors)
 *(.init0)
 .init0         0x000000ca        0x0 c:/users/mail/.platformio/packages/toolchain-atmelavr/bin/../lib/gcc/avr/7.3.0/../../../../avr/lib/avr25/crtattiny85.o
                0x000000ca                __init
 *(.init0)
 *(.init1)
 *(.init1)
 *(.init2)
 .init2         0x000000ca        0xc c:/users/mail/.platformio/packages/toolchain-atmelavr/bin/../lib/gcc/avr/7.3.0/../../../../avr/lib/avr25/crtattiny85.o
 *(.init2)
 *(.init3)
 *(.init3)
 *(.init4)
 .init4         0x000000d6       0x16 c:/users/mail/.platformio/packages/toolchain-atmelavr/bin/../lib/gcc/avr/7.3.0/avr25\libgcc.a(_copy_data.o)
                0x000000d6                __do_copy_data
 .init4         0x000000ec       0x10 c:/users/mail/.platformio/packages/toolchain-atmelavr/bin/../lib/gcc/avr/7.3.0/avr25\libgcc.a(_clear_bss.o)
                0x000000ec                __do_clear_bss
 *(.init4)
 *(.init5)
 *(.init5)
 *(.init6)
 .init6         0x000000fc       0x14 c:/users/mail/.platformio/packages/toolchain-atmelavr/bin/../lib/gcc/avr/7.3.0/avr25\libgcc.a(_ctors.o)
                0x000000fc                __do_global_ctors
 *(.init6)
 *(.init7)
 *(.init7)
 *(.init8)
 *(.init8)
 *(.init9)
 .init9         0x00000110        0x4 c:/users/mail/.platformio/packages/toolchain-atmelavr/bin/../lib/gcc/avr/7.3.0/../../../../avr/lib/avr25/crtattiny85.o
 *(.init9)
 *(.text)
 .text          0x00000114        0x2 c:/users/mail/.platformio/packages/toolchain-atmelavr/bin/../lib/gcc/avr/7.3.0/../../../../avr/lib/avr25/crtattiny85.o
                0x00000114                __vector_1
                0x00000114                __vector_12
                0x00000114                __bad_interrupt
                0x00000114                __vector_6
                0x00000114                __vector_3
                0x00000114                __vector_11
                0x00000114                __vector_13
                0x00000114                __vector_7
                0x00000114                __vector_4
                0x00000114                __vector_9
                0x00000114                __vector_2
                0x00000114                __vector_8
                0x00000114                __vector_14
                0x00000114                __vector_10
 .text          0x00000116      0x8fe C:\Users\mail\AppData\Local\Temp\ccbMYHLj.ltrans0.ltrans.o
                0x00000980                __vector_5
                0x00000a14                . = ALIGN (0x2)
 *(.text.*)
 .text.startup  0x00000a14     0x1222 C:\Users\mail\AppData\Local\Temp\ccbMYHLj.ltrans0.ltrans.o
                0x00000a14                main
 .text.libgcc.mul
                0x00001c36       0x22 c:/users/mail/.platformio/packages/toolchain-atmelavr/bin/../lib/gcc/avr/7.3.0/avr25\libgcc.a(_mulhi3.o)
                0x00001c36                __mulhi3
 .text.libgcc.div
                0x00001c58       0x18 c:/users/mail/.platformio/packages/toolchain-atmelavr/bin/../lib/gcc/avr/7.3.0/avr25\libgcc.a(_udivmodqi4.o)
                0x00001c58                __udivmodqi4
 .text.libgcc.div
                0x00001c70       0x28 c:/users/mail/.platformio/packages/toolchain-atmelavr/bin/../lib/gcc/avr/7.3.0/avr25\libgcc.a(_udivmodhi4.o)
                0x00001c70                __udivmodhi4
 .text.libgcc   0x00001c98        0xc c:/users/mail/.platformio/packages/toolchain-atmelavr/bin/../lib/gcc/avr/7.3.0/avr25\libgcc.a(_tablejump2.o)
                0x00001c98                __tablejump2__
                0x00001ca4                . = ALIGN (0x2)
 *(.fini9)
 .fini9         0x00001ca4        0x0 c:/users/mail/.platformio/packages/toolchain-atmelavr/bin/../lib/gcc/avr/7.3.0/avr25\libgcc.a(_exit.o)
                0x00001ca4                _exit
                0x00001ca4                exit
 *(.fini9)
 *(.fini8)
 *(.fini8)
 *(.fini7)
 *(.fini7)
 *(.fini6)
 *(.fini6)
 *(.fini5)
 *(.fini5)
 *(.fini4)
 *(.fini4)
 *(.fini3)
 *(.fini3)
 *(.fini2)
 *(.fini2)
 *(.fini1)
 *(.fini1)
 *(.fini0)
 .fini0         0x00001ca4        0x4 c:/users/mail/.platformio/packages/toolchain-atmelavr/bin/../lib/gcc/avr/7.3.0/avr25\libgcc.a(_exit.o)
 *(.fini0)
                0x00001ca8                _etext = .

.data           0x00800060        0x2 load address 0x00001ca8
                0x00800060                PROVIDE (__data_start, .)
 *(.data)
 .data          0x00800060        0x1 C:\Users\mail\AppData\Local\Temp\ccbMYHLj.ltrans0.ltrans.o
 *(.data*)
 *(.gnu.linkonce.d*)
 *(.rodata)
 *(.rodata*)
 *(.gnu.linkonce.r*)
                0x00800062                . = ALIGN (0x2)
 *fill*         0x00800061        0x1 
                0x00800062                _edata = .
                0x00800062                PROVIDE (__data_end, .)

.bss            0x00800062       0x37
                0x00800062                PROVIDE (__bss_start, .)
 *(.bss)
 .bss           0x00800062       0x37 C:\Users\mail\AppData\Local\Temp\ccbMYHLj.ltrans0.ltrans.o
 *(.bss*)
 *(COMMON)
                0x00800099                PROVIDE (__bss_end, .)
                0x00001ca8                __data_load_start = LOADADDR (.data)
                0x00001caa                __data_load_end = (__data_load_start + SIZEOF (.data))

.noinit         0x00800099        0x0
                [!provide]                PROVIDE (__noinit_start, .)
 *(.noinit*)
                [!provide]                PROVIDE (__noinit_end, .)
                0x00800099                _end = .
                [!provide]                PROVIDE (__heap_start, .)

.eeprom         0x00810000        0x0
 *(.eeprom*)
                0x00810000                __eeprom_end = .

.fuse
 *(.fuse)
 *(.lfuse)
 *(.hfuse)
 *(.efuse)

.lock
 *(.lock*)

.signature
 *(.signature*)

.user_signatures
 *(.user_signatures*)

.stab
 *(.stab)

.stabstr
 *(.stabstr)

.stab.excl
 *(.stab.excl)

.stab.exclstr
 *(.stab.exclstr)

.stab.index
 *(.stab.index)

.stab.indexstr
 *(.stab.indexstr)

.comment        0x00000000       0x11
 *(.comment)
 .comment       0x00000000       0x11 C:\Users\mail\AppData\Local\Temp\ccbMYHLj.ltrans0.ltrans.o
                                 0x12 (size before relaxing)

.note.gnu.avr.deviceinfo
                0x00000000       0x3c
 .note.gnu.avr.deviceinfo
                0x00000000       0x3c c:/users/mail/.platformio/packages/toolchain-atmelavr/bin/../lib/gcc/avr/7.3.0/../../../../avr/lib/avr25/crtattiny85.o

.note.gnu.build-id
 *(.note.gnu.build-id)

.debug
 *(.debug)

.line
 *(.line)

.debug_srcinfo
 *(.debug_srcinfo)

.debug_sfnames
 *(.debug_sfnames)

.debug_aranges  0x00000000      0x100
 *(.debug_aranges)
 .debug_aranges
                0x00000000       0x20 c:/users/mail/.platformio/packages/toolchain-atmelavr/bin/../lib/gcc/avr/7.3.0/avr25\libgcc.a(_exit.o)
 .debug_aranges
                0x00000020       0x20 c:/users/mail/.platformio/packages/toolchain-atmelavr/bin/../lib/gcc/avr/7.3.0/avr25\libgcc.a(_mulhi3.o)
 .debug_aranges
                0x00000040       0x20 c:/users/mail/.platformio/packages/toolchain-atmelavr/bin/../lib/gcc/avr/7.3.0/avr25\libgcc.a(_udivmodqi4.o)
 .debug_aranges
                0x00000060       0x20 c:/users/mail/.platformio/packages/toolchain-atmelavr/bin/../lib/gcc/avr/7.3.0/avr25\libgcc.a(_udivmodhi4.o)
 .debug_aranges
                0x00000080       0x20 c:/users/mail/.platformio/packages/toolchain-atmelavr/bin/../lib/gcc/avr/7.3.0/avr25\libgcc.a(_copy_data.o)
 .debug_aranges
                0x000000a0       0x20 c:/users/mail/.platformio/packages/toolchain-atmelavr/bin/../lib/gcc/avr/7.3.0/avr25\libgcc.a(_clear_bss.o)
 .debug_aranges
                0x000000c0       0x20 c:/users/mail/.platformio/packages/toolchain-atmelavr/bin/../lib/gcc/avr/7.3.0/avr25\libgcc.a(_ctors.o)
 .debug_aranges
                0x000000e0       0x20 c:/users/mail/.platformio/packages/toolchain-atmelavr/bin/../lib/gcc/avr/7.3.0/avr25\libgcc.a(_tablejump2.o)

.debug_pubnames
 *(.debug_pubnames)

.debug_info     0x00000000      0xa00
 *(.debug_info .gnu.linkonce.wi.*)
 .debug_info    0x00000000      0x420 c:/users/mail/.platformio/packages/toolchain-atmelavr/bin/../lib/gcc/avr/7.3.0/../../../../avr/lib/avr25/crtattiny85.o
 .debug_info    0x00000420       0xbc c:/users/mail/.platformio/packages/toolchain-atmelavr/bin/../lib/gcc/avr/7.3.0/avr25\libgcc.a(_exit.o)
 .debug_info    0x000004dc       0xbc c:/users/mail/.platformio/packages/toolchain-atmelavr/bin/../lib/gcc/avr/7.3.0/avr25\libgcc.a(_mulhi3.o)
 .debug_info    0x00000598       0xbc c:/users/mail/.platformio/packages/toolchain-atmelavr/bin/../lib/gcc/avr/7.3.0/avr25\libgcc.a(_udivmodqi4.o)
 .debug_info    0x00000654       0xbc c:/users/mail/.platformio/packages/toolchain-atmelavr/bin/../lib/gcc/avr/7.3.0/avr25\libgcc.a(_udivmodhi4.o)
 .debug_info    0x00000710       0xbc c:/users/mail/.platformio/packages/toolchain-atmelavr/bin/../lib/gcc/avr/7.3.0/avr25\libgcc.a(_copy_data.o)
 .debug_info    0x000007cc       0xbc c:/users/mail/.platformio/packages/toolchain-atmelavr/bin/../lib/gcc/avr/7.3.0/avr25\libgcc.a(_clear_bss.o)
 .debug_info    0x00000888       0xbc c:/users/mail/.platformio/packages/toolchain-atmelavr/bin/../lib/gcc/avr/7.3.0/avr25\libgcc.a(_ctors.o)
 .debug_info    0x00000944       0xbc c:/users/mail/.platformio/packages/toolchain-atmelavr/bin/../lib/gcc/avr/7.3.0/avr25\libgcc.a(_tablejump2.o)

.debug_abbrev   0x00000000      0x488
 *(.debug_abbrev)
 .debug_abbrev  0x00000000      0x3e8 c:/users/mail/.platformio/packages/toolchain-atmelavr/bin/../lib/gcc/avr/7.3.0/../../../../avr/lib/avr25/crtattiny85.o
 .debug_abbrev  0x000003e8       0x14 c:/users/mail/.platformio/packages/toolchain-atmelavr/bin/../lib/gcc/avr/7.3.0/avr25\libgcc.a(_exit.o)
 .debug_abbrev  0x000003fc       0x14 c:/users/mail/.platformio/packages/toolchain-atmelavr/bin/../lib/gcc/avr/7.3.0/avr25\libgcc.a(_mulhi3.o)
 .debug_abbrev  0x00000410       0x14 c:/users/mail/.platformio/packages/toolchain-atmelavr/bin/../lib/gcc/avr/7.3.0/avr25\libgcc.a(_udivmodqi4.o)
 .debug_abbrev  0x00000424       0x14 c:/users/mail/.platformio/packages/toolchain-atmelavr/bin/../lib/gcc/avr/7.3.0/avr25\libgcc.a(_udivmodhi4.o)
 .debug_abbrev  0x00000438       0x14 c:/users/mail/.platformio/packages/toolchain-atmelavr/bin/../lib/gcc/avr/7.3.0/avr25\libgcc.a(_copy_data.o)
 .debug_abbrev  0x0000044c       0x14 c:/users/mail/.platformio/packages/toolchain-atmelavr/bin/../lib/gcc/avr/7.3.0/avr25\libgcc.a(_clear_bss.o)
 .debug_abbrev  0x00000460       0x14 c:/users/mail/.platformio/packages/toolchain-atmelavr/bin/../lib/gcc/avr/7.3.0/avr25\libgcc.a(_ctors.o)
 .debug_abbrev  0x00000474       0x14 c:/users/mail/.platformio/packages/toolchain-atmelavr/bin/../lib/gcc/avr/7.3.0/avr25\libgcc.a(_tablejump2.o)

.debug_line     0x00000000      0x4ce
 *(.debug_line .debug_line.* .debug_line_end)
 .debug_line    0x00000000       0x1a c:/users/mail/.platformio/packages/toolchain-atmelavr/bin/../lib/gcc/avr/7.3.0/../../../../avr/lib/avr25/crtattiny85.o
 .debug_line    0x0000001a       0x62 c:/users/mail/.platformio/packages/toolchain-atmelavr/bin/../lib/gcc/avr/7.3.0/avr25\libgcc.a(_exit.o)
 .debug_line    0x0000007c       0xbc c:/users/mail/.platformio/packages/toolchain-atmelavr/bin/../lib/gcc/avr/7.3.0/avr25\libgcc.a(_mulhi3.o)
 .debug_line    0x00000138       0x9e c:/users/mail/.platformio/packages/toolchain-atmelavr/bin/../lib/gcc/avr/7.3.0/avr25\libgcc.a(_udivmodqi4.o)
 .debug_line    0x000001d6       0xce c:/users/mail/.platformio/packages/toolchain-atmelavr/bin/../lib/gcc/avr/7.3.0/avr25\libgcc.a(_udivmodhi4.o)
 .debug_line    0x000002a4       0x98 c:/users/mail/.platformio/packages/toolchain-atmelavr/bin/../lib/gcc/avr/7.3.0/avr25\libgcc.a(_copy_data.o)
 .debug_line    0x0000033c       0x86 c:/users/mail/.platformio/packages/toolchain-atmelavr/bin/../lib/gcc/avr/7.3.0/avr25\libgcc.a(_clear_bss.o)
 .debug_line    0x000003c2       0x92 c:/users/mail/.platformio/packages/toolchain-atmelavr/bin/../lib/gcc/avr/7.3.0/avr25\libgcc.a(_ctors.o)
 .debug_line    0x00000454       0x7a c:/users/mail/.platformio/packages/toolchain-atmelavr/bin/../lib/gcc/avr/7.3.0/avr25\libgcc.a(_tablejump2.o)

.debug_frame
 *(.debug_frame)

.debug_str      0x00000000      0x169
 *(.debug_str)
 .debug_str     0x00000000      0x169 c:/users/mail/.platformio/packages/toolchain-atmelavr/bin/../lib/gcc/avr/7.3.0/../../../../avr/lib/avr25/crtattiny85.o

.debug_loc
 *(.debug_loc)

.debug_macinfo
 *(.debug_macinfo)

.debug_weaknames
 *(.debug_weaknames)

.debug_funcnames
 *(.debug_funcnames)

.debug_typenames
 *(.debug_typenames)

.debug_varnames
 *(.debug_varnames)

.debug_pubtypes
 *(.debug_pubtypes)

.debug_ranges
 *(.debug_ranges)

.debug_macro
 *(.debug_macro)
OUTPUT(.pio\build\attiny85\firmware.elf elf32-avr)
LOAD linker stubs
